
> @smhi/web@0.1.0 build C:\Users\HP USER\shadam\apps\web
> next build

  ▲ Next.js 14.2.35
  - Environments: .env.local

   Creating an optimized production build ...
 ✓ Compiled successfully
   Linting and checking validity of types ...
   Collecting page data ...
PageNotFoundError: Cannot find module for page: /admin/dashboard/articles
    at getPagePath (C:\Users\HP USER\shadam\node_modules\.pnpm\next@14.2.35_react-dom@18.3.1_react@18.3.1__react@18.3.1\node_modules\next\dist\server\require.js:94:15)
    at requirePage (C:\Users\HP USER\shadam\node_modules\.pnpm\next@14.2.35_react-dom@18.3.1_react@18.3.1__react@18.3.1\node_modules\next\dist\server\require.js:99:22)
    at C:\Users\HP USER\shadam\node_modules\.pnpm\next@14.2.35_react-dom@18.3.1_react@18.3.1__react@18.3.1\node_modules\next\dist\server\load-components.js:103:84
    at process.processTicksAndRejections (node:internal/process/task_queues:104:5)
    at async loadComponentsImpl (C:\Users\HP USER\shadam\node_modules\.pnpm\next@14.2.35_react-dom@18.3.1_react@18.3.1__react@18.3.1\node_modules\next\dist\server\load-components.js:103:26)
    at async C:\Users\HP USER\shadam\node_modules\.pnpm\next@14.2.35_react-dom@18.3.1_react@18.3.1__react@18.3.1\node_modules\next\dist\build\utils.js:1116:32
    at async Span.traceAsyncFn (C:\Users\HP USER\shadam\node_modules\.pnpm\next@14.2.35_react-dom@18.3.1_react@18.3.1__react@18.3.1\node_modules\next\dist\trace\trace.js:154:20) {
  code: 'ENOENT'
}
unhandledRejection Error [PageNotFoundError]: Cannot find module for page: /_document
    at getPagePath (C:\Users\HP USER\shadam\node_modules\.pnpm\next@14.2.35_react-dom@18.3.1_react@18.3.1__react@18.3.1\node_modules\next\dist\server\require.js:94:15)
    at requirePage (C:\Users\HP USER\shadam\node_modules\.pnpm\next@14.2.35_react-dom@18.3.1_react@18.3.1__react@18.3.1\node_modules\next\dist\server\require.js:99:22)
    at C:\Users\HP USER\shadam\node_modules\.pnpm\next@14.2.35_react-dom@18.3.1_react@18.3.1__react@18.3.1\node_modules\next\dist\server\load-components.js:72:65
    at process.processTicksAndRejections (node:internal/process/task_queues:104:5)
    at async Promise.all (index 0)
    at async loadComponentsImpl (C:\Users\HP USER\shadam\node_modules\.pnpm\next@14.2.35_react-dom@18.3.1_react@18.3.1__react@18.3.1\node_modules\next\dist\server\load-components.js:71:33)
    at async Object.hasCustomGetInitialProps (C:\Users\HP USER\shadam\node_modules\.pnpm\next@14.2.35_react-dom@18.3.1_react@18.3.1__react@18.3.1\node_modules\next\dist\build\utils.js:1274:24) {
  type: 'PageNotFoundError',
  code: 'ENOENT'
}
 ELIFECYCLE  Command failed with exit code 1.
